
 RUN  v4.1.7 /home/hoo/Source/exam/docs/research/exam-669-rich-phase-e-1

 ✓ harness/A-canonicalization-algebra.test.ts (7 tests) 5194ms
     ✓ property: schema-admissible docs → successful canonicalization is closed over schema/limits/idempotence/readability  2849ms
     ✓ property: same closure holds over boundary-biased generation near every CONTENT_LIMITS edge  1415ms
     ✓ deterministic exact-limit grid: classification algebra over every CONTENT_LIMITS edge (accept-closes / schema-legal-reject-stays-noncanonical / schema-reject-stays-corrupt)  885ms
 ✓ harness/D-durable-roundtrip.test.ts (5 tests) 3726ms
     ✓ property: the wire verdict equals the authority verdict; accepted answers round-trip (E-RT01/02)  1719ms
     ✓ deterministic exact-limit grid over the wire: the authority branch decides; accepted entries round-trip  1166ms
 ✓ harness/C-classifier-differential.test.ts (4 tests) 2076ms
     ✓ property: unmutated schema-admissible docs agree (typically rich_valid / rich_noncanonical)  1937ms
 ✓ harness/B-preflight-differential.test.ts (7 tests) 2380ms
     ✓ differential: a grammar-shaped, limits-clean document must never be rejected by a preflight-sourced violation  1967ms
     ✓ property: hostile deep raw arrays never overflow the recursive parser — safeParse always terminates  310ms
stderr | harness/W-cross-seam-mutation.test.ts > Campaign W — cross-seam mutation (deep-frozen inputs) > property: no consumer of the chain mutates its frozen document input
react-i18next:: useTranslation: You will need to pass in an i18next instance by using initReactI18next { code: 'NO_I18NEXT_INSTANCE' }
No character metrics for '🚀' in style 'Main-Regular' and mode 'text'
No character metrics for '🚀' in style 'Main-Regular' and mode 'text'
No character metrics for '🚀' in style 'Main-Regular' and mode 'text'
No character metrics for '🚀' in style 'Main-Regular' and mode 'text'
No character metrics for '🚀' in style 'Main-Regular' and mode 'text'
No character metrics for '🚀' in style 'Main-Regular' and mode 'text'
No character metrics for '🚀' in style 'Main-Regular' and mode 'text'
No character metrics for '🚀' in style 'Main-Regular' and mode 'text'
No character metrics for '🚀' in style 'Main-Regular' and mode 'text'
No character metrics for '🚀' in style 'Main-Regular' and mode 'text'
No character metrics for '🚀' in style 'Main-Regular' and mode 'text'
No character metrics for '🚀' in style 'Main-Regular' and mode 'text'
No character metrics for '🚀' in style 'Main-Regular' and mode 'text'
No character metrics for '🚀' in style 'Main-Regular' and mode 'text'
No character metrics for '🚀' in style 'Main-Regular' and mode 'text'
No character metrics for '🚀' in style 'Main-Regular' and mode 'text'
No character metrics for '🚀' in style 'Main-Regular' and mode 'text'
No character metrics for '🚀' in style 'Main-Regular' and mode 'text'
No character metrics for '🚀' in style 'Main-Regular' and mode 'text'
No character metrics for '🚀' in style 'Main-Regular' and mode 'text'
No character metrics for '🚀' in style 'Main-Regular' and mode 'text'
No character metrics for '🚀' in style 'Main-Regular' and mode 'text'
No character metrics for '🚀' in style 'Main-Regular' and mode 'text'
No character metrics for '🚀' in style 'Main-Regular' and mode 'text'
No character metrics for '🚀' in style 'Main-Regular' and mode 'text'
No character metrics for '🚀' in style 'Main-Regular' and mode 'text'
No character metrics for '🚀' in style 'Main-Regular' and mode 'text'
No character metrics for '🚀' in style 'Main-Regular' and mode 'text'
No character metrics for '🚀' in style 'Main-Regular' and mode 'text'
No character metrics for '🚀' in style 'Main-Regular' and mode 'text'
No character metrics for '🚀' in style 'Main-Regular' and mode 'text'
No character metrics for '🚀' in style 'Main-Regular' and mode 'text'
No character metrics for '🚀' in style 'Main-Regular' and mode 'text'
No character metrics for '🚀' in style 'Main-Regular' and mode 'text'
No character metrics for '🚀' in style 'Main-Regular' and mode 'text'
No character metrics for '🚀' in style 'Main-Regular' and mode 'text'
No character metrics for '🚀' in style 'Main-Regular' and mode 'text'
No character metrics for '🚀' in style 'Main-Regular' and mode 'text'
No character metrics for '🚀' in style 'Main-Regular' and mode 'text'
No character metrics for '🚀' in style 'Main-Regular' and mode 'text'
No character metrics for '🚀' in style 'Main-Regular' and mode 'text'
No character metrics for '🚀' in style 'Main-Regular' and mode 'text'
No character metrics for '🚀' in style 'Main-Regular' and mode 'text'
No character metrics for '🚀' in style 'Main-Regular' and mode 'text'
No character metrics for '🚀' in style 'Main-Regular' and mode 'text'
No character metrics for '🚀' in style 'Main-Regular' and mode 'text'
No character metrics for '🚀' in style 'Main-Regular' and mode 'text'
No character metrics for '🚀' in style 'Main-Regular' and mode 'text'
No character metrics for '🚀' in style 'Main-Regular' and mode 'text'
No character metrics for '🚀' in style 'Main-Regular' and mode 'text'
No character metrics for '🚀' in style 'Main-Regular' and mode 'text'
No character metrics for '🚀' in style 'Main-Regular' and mode 'text'
No character metrics for '🚀' in style 'Main-Regular' and mode 'text'
No character metrics for '🚀' in style 'Main-Regular' and mode 'text'
No character metrics for '🚀' in style 'Main-Regular' and mode 'text'
No character metrics for '🚀' in style 'Main-Regular' and mode 'text'
No character metrics for '🚀' in style 'Main-Regular' and mode 'text'
No character metrics for '🚀' in style 'Main-Regular' and mode 'text'
No character metrics for '🚀' in style 'Main-Regular' and mode 'text'
No character metrics for '🚀' in style 'Main-Regular' and mode 'text'
No character metrics for '🚀' in style 'Main-Regular' and mode 'text'
No character metrics for '🚀' in style 'Main-Regular' and mode 'text'
No character metrics for '🚀' in style 'Main-Regular' and mode 'text'
No character metrics for '🚀' in style 'Main-Regular' and mode 'text'
No character metrics for '🚀' in style 'Main-Regular' and mode 'text'
No character metrics for '🚀' in style 'Main-Regular' and mode 'text'
No character metrics for '🚀' in style 'Main-Regular' and mode 'text'
No character metrics for '🚀' in style 'Main-Regular' and mode 'text'
No character metrics for '🚀' in style 'Main-Regular' and mode 'text'
No character metrics for '🚀' in style 'Main-Regular' and mode 'text'
No character metrics for '🚀' in style 'Main-Regular' and mode 'text'
No character metrics for '🚀' in style 'Main-Regular' and mode 'text'
No character metrics for '🚀' in style 'Main-Regular' and mode 'text'
No character metrics for '🚀' in style 'Main-Regular' and mode 'text'

 ✓ harness/W-cross-seam-mutation.test.ts (2 tests) 2821ms
     ✓ property: no consumer of the chain mutates its frozen document input  2783ms
 ✓ harness/T-db-history-corpus.test.ts (18 tests) 2304ms
 ✓ harness/S-projection-purity.test.ts (2 tests) 1548ms
     ✓ property: projection is read-only, deterministic, a canonical fixed point, and equivalence-invariant  1443ms
 ✓ harness/K-grading-consumer-matrix.test.ts (6 tests) 1368ms
 ✓ harness/H-replay-longevity.test.ts (6 tests) 1528ms
     ✓ H1 longevity: seq 1 still ACKs after many later accepted saves (E-RP03, no eviction)  346ms
 ✓ harness/R-identity-differential.test.ts (1 test) 1629ms
     ✓ property: equivalence mutations share identity and domain equality; the distinguishing mutation shares neither  1627ms
 ✓ harness/L-export-consistency.test.ts (6 tests) 1336ms
 ✓ harness/Q-unicode-roundtrip.test.ts (2 tests) 1236ms
     ✓ Q1: every jsonb-representable corpus string round-trips byte-deep with stable identity  474ms
 ✓ harness/V-mutation-free-read.test.ts (3 tests) 1394ms
     ✓ V1: the full read hammer leaves every durable row byte-identical  362ms
 ✓ harness/O-publish-trust.test.ts (6 tests) 927ms
 ✓ harness/I-submit-freeze.test.ts (3 tests) 933ms
 ✓ harness/J-frozen-vs-live.test.ts (1 test) 763ms
 ✓ harness/P-dto-openapi-drift.test.ts (6 tests) 747ms
 ✓ harness/E-editor-differential.test.ts (7 tests) 825ms
     ✓ property: canonical documents survive contentDocumentToTiptap → tiptapToContentDocument exactly  817ms
 ✓ harness/U-shadow-oracle-census.test.ts (6 tests) 78ms
 ✓ harness/F-durable-writer-census.test.ts (3 tests) 26ms
 ✓ harness/G-saveanswer-precedence.test.ts (6 tests) 60ms
stderr | harness/N-math-adversarial.test.ts > Campaign N — math adversarial (E-RE04/05/06) > E-RE05: malformed latex never throws; parse errors preserve the source text; parseable garbage renders
No character metrics for '🚀' in style 'Main-Regular' and mode 'text'
No character metrics for '‮' in style 'Main-Regular' and mode 'text'

stderr | harness/N-math-adversarial.test.ts > Campaign N — math adversarial (E-RE04/05/06) > E-RE03/06: no active or remote content path in any corpus output
No character metrics for '🚀' in style 'Main-Regular' and mode 'text'
No character metrics for '‮' in style 'Main-Regular' and mode 'text'

 ✓ harness/N-math-adversarial.test.ts (3 tests) 30ms
stderr | harness/M-render-trust.test.ts > Campaign M — static render trust (E-RE01/02/03) > E-RE01: rich_valid renders the document structure, never the plain fallback
react-i18next:: useTranslation: You will need to pass in an i18next instance by using initReactI18next { code: 'NO_I18NEXT_INSTANCE' }

 ✓ harness/M-render-trust.test.ts (4 tests) 24ms

 Test Files  23 passed (23)
      Tests  114 passed (114)
   Start at  03:21:09
   Duration  46.90s (transform 1.27s, setup 0ms, import 10.64s, tests 32.95s, environment 2ms)

