
 RUN  v4.1.7 /home/hoo/Source/exam/docs/research/exam-669-rich-phase-e-1

 ✓ harness/A-canonicalization-algebra.test.ts (7 tests) 8006ms
     ✓ property: schema-admissible docs → successful canonicalization is closed over schema/limits/idempotence/readability  4926ms
     ✓ property: same closure holds over boundary-biased generation near every CONTENT_LIMITS edge  1738ms
     ✓ deterministic exact-limit grid: classification algebra over every CONTENT_LIMITS edge (accept-closes / schema-legal-reject-stays-noncanonical / schema-reject-stays-corrupt)  1291ms
 ✓ harness/D-durable-roundtrip.test.ts (5 tests) 6644ms
     ✓ property: the wire verdict equals the authority verdict; accepted answers round-trip (E-RT01/02)  3359ms
     ✓ deterministic exact-limit grid over the wire: the authority branch decides; accepted entries round-trip  1555ms
 ✓ harness/K-grading-consumer-matrix.test.ts (6 tests) 1913ms
 ✓ harness/B-preflight-differential.test.ts (7 tests) 2973ms
     ✓ differential: a grammar-shaped, limits-clean document must never be rejected by a preflight-sourced violation  2468ms
     ✓ property: hostile deep raw arrays never overflow the recursive parser — safeParse always terminates  391ms
 ✓ harness/C-classifier-differential.test.ts (4 tests) 2650ms
     ✓ property: unmutated schema-admissible docs agree (typically rich_valid / rich_noncanonical)  2488ms
 ✓ harness/H-replay-longevity.test.ts (6 tests) 1911ms
     ✓ H1 longevity: seq 1 still ACKs after many later accepted saves (E-RP03, no eviction)  482ms
     ✓ H5 concurrent same identity, distinct fresh seqs, stale base: exactly one accepted, others STALE, one version bump (§12 CAS)  311ms
 ✓ harness/J-frozen-vs-live.test.ts (1 test) 1235ms
 ✓ harness/I-submit-freeze.test.ts (3 tests) 1543ms
     ✓ E-SB01: the freeze captures exactly the LAST accepted draft; replays and earlier versions contribute nothing  323ms
 ✓ harness/E-editor-differential.test.ts (7 tests) 1052ms
     ✓ property: canonical documents survive contentDocumentToTiptap → tiptapToContentDocument exactly  1042ms
 ✓ harness/G-saveanswer-precedence.test.ts (6 tests) 72ms
 ✓ harness/F-durable-writer-census.test.ts (3 tests) 30ms

 Test Files  11 passed (11)
      Tests  55 passed (55)
   Start at  02:35:24
   Duration  38.62s (transform 2.23s, setup 0ms, import 8.19s, tests 28.03s, environment 1ms)

