
 RUN  v4.1.7 /home/hoo/Source/exam/docs/research/exam-669-rich-phase-e-1

 ✓ harness/A-canonicalization-algebra.test.ts (7 tests) 5558ms
     ✓ property: schema-admissible docs → successful canonicalization is closed over schema/limits/idempotence/readability  3063ms
     ✓ property: same closure holds over boundary-biased generation near every CONTENT_LIMITS edge  1559ms
     ✓ deterministic exact-limit grid: classification algebra over every CONTENT_LIMITS edge (accept-closes / schema-legal-reject-stays-noncanonical / schema-reject-stays-corrupt)  896ms
 ✓ harness/D-durable-roundtrip.test.ts (5 tests) 3803ms
     ✓ property: the wire verdict equals the authority verdict; accepted answers round-trip (E-RT01/02)  1748ms
     ✓ deterministic exact-limit grid over the wire: the authority branch decides; accepted entries round-trip  1180ms
 ✓ harness/B-preflight-differential.test.ts (7 tests) 2402ms
     ✓ differential: a grammar-shaped, limits-clean document must never be rejected by a preflight-sourced violation  1968ms
     ✓ property: hostile deep raw arrays never overflow the recursive parser — safeParse always terminates  324ms
 ✓ harness/C-classifier-differential.test.ts (4 tests) 2127ms
     ✓ property: unmutated schema-admissible docs agree (typically rich_valid / rich_noncanonical)  1993ms
 ✓ harness/H-replay-longevity.test.ts (6 tests) 1425ms
     ✓ H1 longevity: seq 1 still ACKs after many later accepted saves (E-RP03, no eviction)  302ms
 ✓ harness/I-submit-freeze.test.ts (3 tests) 919ms
 ✓ harness/E-editor-differential.test.ts (7 tests) 731ms
     ✓ property: canonical documents survive contentDocumentToTiptap → tiptapToContentDocument exactly  724ms
 ✓ harness/J-frozen-vs-live.test.ts (1 test) 955ms
 ✓ harness/G-saveanswer-precedence.test.ts (6 tests) 61ms
 ✓ harness/F-durable-writer-census.test.ts (3 tests) 27ms

 Test Files  10 passed (10)
      Tests  49 passed (49)
   Start at  02:30:29
   Duration  24.46s (transform 1.11s, setup 0ms, import 4.68s, tests 18.01s, environment 1ms)

