
 RUN  v4.1.7 /home/hoo/Source/exam/docs/research/exam-669-rich-phase-e-1

 ✓ harness/A-canonicalization-algebra.test.ts (7 tests) 8776ms
     ✓ property: schema-admissible docs → successful canonicalization is closed over schema/limits/idempotence/readability  5322ms
     ✓ property: same closure holds over boundary-biased generation near every CONTENT_LIMITS edge  1916ms
     ✓ deterministic exact-limit grid: classification algebra over every CONTENT_LIMITS edge (accept-closes / schema-legal-reject-stays-noncanonical / schema-reject-stays-corrupt)  1459ms
 ✓ harness/D-durable-roundtrip.test.ts (5 tests) 6038ms
     ✓ property: the wire verdict equals the authority verdict; accepted answers round-trip (E-RT01/02)  3118ms
     ✓ deterministic exact-limit grid over the wire: the authority branch decides; accepted entries round-trip  1298ms
 ✓ harness/C-classifier-differential.test.ts (4 tests) 3322ms
     ✓ property: shared Rich-domain judgment is identical across both classifiers (generated corpus)  329ms
     ✓ property: unmutated schema-admissible docs agree (typically rich_valid / rich_noncanonical)  2984ms
 ✓ harness/B-preflight-differential.test.ts (7 tests) 2928ms
     ✓ differential: a grammar-shaped, limits-clean document must never be rejected by a preflight-sourced violation  2394ms
     ✓ property: hostile deep raw arrays never overflow the recursive parser — safeParse always terminates  410ms
 ✓ harness/Q-unicode-roundtrip.test.ts (2 tests) 1410ms
     ✓ Q1: every jsonb-representable corpus string round-trips byte-deep with stable identity  527ms
 ✓ harness/H-replay-longevity.test.ts (6 tests) 1767ms
     ✓ H1 longevity: seq 1 still ACKs after many later accepted saves (E-RP03, no eviction)  380ms
     ✓ H5 concurrent same identity, distinct fresh seqs, stale base: exactly one accepted, others STALE, one version bump (§12 CAS)  320ms
 ✓ harness/K-grading-consumer-matrix.test.ts (6 tests) 1905ms
 ✓ harness/L-export-consistency.test.ts (6 tests) 1507ms
 ✓ harness/I-submit-freeze.test.ts (3 tests) 1133ms
 ✓ harness/J-frozen-vs-live.test.ts (1 test) 1027ms
stdout | harness/zz-blast-radius.test.ts > zz characterization: D-F01 blast radius > probes 40 sequential GETs after 5 failed NUL writes
FAILED WRITE: 0 500

stdout | harness/zz-blast-radius.test.ts > zz characterization: D-F01 blast radius > probes 40 sequential GETs after 5 failed NUL writes
FAILED WRITE: 1 500

stdout | harness/zz-blast-radius.test.ts > zz characterization: D-F01 blast radius > probes 40 sequential GETs after 5 failed NUL writes
FAILED WRITE: 2 500

stdout | harness/zz-blast-radius.test.ts > zz characterization: D-F01 blast radius > probes 40 sequential GETs after 5 failed NUL writes
FAILED WRITE: 3 500

stdout | harness/zz-blast-radius.test.ts > zz characterization: D-F01 blast radius > probes 40 sequential GETs after 5 failed NUL writes
FAILED WRITE: 4 500

stdout | harness/zz-blast-radius.test.ts > zz characterization: D-F01 blast radius > probes 40 sequential GETs after 5 failed NUL writes
GET SEQUENCE SUMMARY: total=40 non200= 0 distinct: 200

stdout | harness/zz-blast-radius.test.ts > zz characterization: D-F01 blast radius > probes 40 sequential GETs after 5 failed NUL writes
POST AFTER: 200 {"accepted":true,"serverVersion":2,"savedAt":"2026-10-03T18:56:49.181Z"}

 ✓ harness/zz-blast-radius.test.ts (1 test) 1772ms
     ✓ probes 40 sequential GETs after 5 failed NUL writes  1769ms
 ✓ harness/O-publish-trust.test.ts (6 tests) 1190ms
 ✓ harness/E-editor-differential.test.ts (7 tests) 942ms
     ✓ property: canonical documents survive contentDocumentToTiptap → tiptapToContentDocument exactly  934ms
 ✓ harness/P-dto-openapi-drift.test.ts (6 tests) 967ms
 ✓ harness/G-saveanswer-precedence.test.ts (6 tests) 66ms
 ✓ harness/F-durable-writer-census.test.ts (3 tests) 66ms
stderr | harness/M-render-trust.test.ts > Campaign M — static render trust (E-RE01/02/03) > E-RE01: rich_valid renders the document structure, never the plain fallback
react-i18next:: useTranslation: You will need to pass in an i18next instance by using initReactI18next { code: 'NO_I18NEXT_INSTANCE' }

 ✓ harness/M-render-trust.test.ts (4 tests) 29ms
stderr | harness/N-math-adversarial.test.ts > Campaign N — math adversarial (E-RE04/05/06) > E-RE05: malformed latex never throws; parse errors preserve the source text; parseable garbage renders
No character metrics for '🚀' in style 'Main-Regular' and mode 'text'
No character metrics for '‮' in style 'Main-Regular' and mode 'text'

stderr | harness/N-math-adversarial.test.ts > Campaign N — math adversarial (E-RE04/05/06) > E-RE03/06: no active or remote content path in any corpus output
No character metrics for '🚀' in style 'Main-Regular' and mode 'text'
No character metrics for '‮' in style 'Main-Regular' and mode 'text'

 ✓ harness/N-math-adversarial.test.ts (3 tests) 35ms

 Test Files  18 passed (18)
      Tests  83 passed (83)
   Start at  02:56:03
   Duration  52.59s (transform 2.67s, setup 0ms, import 14.03s, tests 34.88s, environment 2ms)

