[run-cell main-04] 2026-09-29T20:37:30+08:00 starting db
 Network exam-586_exam-net Creating 
 Network exam-586_exam-net Creating 
 Network exam-586_exam-net Created 
 Network exam-586_exam-net Created 
 Container exam-586-db-1 Creating 
 Container exam-586-db-1 Created 
 Container exam-586-db-1 Starting 
 Container exam-586-db-1 Started 
[run-cell main-04] 2026-09-29T20:38:06+08:00 db healthy; starting app+web (entrypoint migrates)
 Container exam-586-db-1 Running 
 Container exam-586-app-1 Creating 
 Container exam-586-app-1 Created 
 Container exam-586-web-1 Creating 
 Container exam-586-web-1 Created 
 Container exam-586-db-1 Waiting 
 Container exam-586-db-1 Healthy 
 Container exam-586-app-1 Starting 
 Container exam-586-app-1 Started 
 Container exam-586-app-1 Waiting 
 Container exam-586-app-1 Healthy 
 Container exam-586-web-1 Starting 
 Container exam-586-web-1 Started 
[run-cell main-04] 2026-09-29T20:38:39+08:00 app ready via nginx ingress
[run-cell main-04] 2026-09-29T20:38:41+08:00 driver setup
GEN_SEED_OK candidates=200+warmup
[run-cell main-04] 2026-09-29T20:39:12+08:00 driver measure (pool=20 scale=200 rep=2)
[run-cell main-04] 2026-09-29T20:41:30+08:00 cell done: status=valid (data root retained: /home/jnhu/exam-586/runs/main-04/data)
