[run-cell main-01] 2026-09-29T20:33:14+08:00 starting db
 Network exam-586_exam-net Creating 
 Network exam-586_exam-net Creating 
 Network exam-586_exam-net Created 
 Network exam-586_exam-net Created 
 Container exam-586-db-1 Creating 
 Container exam-586-db-1 Created 
 Container exam-586-db-1 Starting 
 Container exam-586-db-1 Started 
[run-cell main-01] 2026-09-29T20:33:26+08:00 db healthy; starting app+web (entrypoint migrates)
 Container exam-586-db-1 Running 
 Container exam-586-app-1 Creating 
 Container exam-586-app-1 Created 
 Container exam-586-web-1 Creating 
 Container exam-586-web-1 Created 
 Container exam-586-db-1 Waiting 
 Container exam-586-db-1 Healthy 
 Container exam-586-app-1 Starting 
 Container exam-586-app-1 Started 
 Container exam-586-app-1 Waiting 
 Container exam-586-app-1 Healthy 
 Container exam-586-web-1 Starting 
 Container exam-586-web-1 Started 
[run-cell main-01] 2026-09-29T20:33:34+08:00 app ready via nginx ingress
[run-cell main-01] 2026-09-29T20:33:35+08:00 driver setup
GEN_SEED_OK candidates=50+warmup
[run-cell main-01] 2026-09-29T20:33:37+08:00 driver measure (pool=10 scale=50 rep=1)
[run-cell main-01] 2026-09-29T20:34:14+08:00 cell done: status=valid (data root retained: /home/jnhu/exam-586/runs/main-01/data)
